	.text
	.syntax unified
	.eabi_attribute	67, "2.09"	@ Tag_conformance
	.cpu	cortex-m0
	.eabi_attribute	6, 12	@ Tag_CPU_arch
	.eabi_attribute	7, 77	@ Tag_CPU_arch_profile
	.eabi_attribute	8, 0	@ Tag_ARM_ISA_use
	.eabi_attribute	9, 1	@ Tag_THUMB_ISA_use
	.eabi_attribute	34, 0	@ Tag_CPU_unaligned_access
	.eabi_attribute	17, 1	@ Tag_ABI_PCS_GOT_use
	.eabi_attribute	20, 2	@ Tag_ABI_FP_denormal
	.eabi_attribute	21, 0	@ Tag_ABI_FP_exceptions
	.eabi_attribute	23, 1	@ Tag_ABI_FP_number_model
	.eabi_attribute	24, 1	@ Tag_ABI_align_needed
	.eabi_attribute	25, 1	@ Tag_ABI_align_preserved
	.eabi_attribute	38, 1	@ Tag_ABI_FP_16bit_format
	.eabi_attribute	18, 2	@ Tag_ABI_PCS_wchar_t
	.eabi_attribute	26, 1	@ Tag_ABI_enum_size
	.eabi_attribute	14, 0	@ Tag_ABI_PCS_R9_use
	.file	"rcc.c"
	.file	1 "C:\\Users\\ralf" "Program Files\\Keil_v5\\ARM\\ARMCLANG\\Bin\\..\\include\\stdint.h"
	.file	2 "C:/Users/ralf/Program Files/Keil_v5/ARM/INC/ST/STM32F0xx" "stm32f0xx.h"
	.section	.text.SystemInit,"ax",%progbits
	.hidden	SystemInit                      @ -- Begin function SystemInit
	.globl	SystemInit
	.p2align	2
	.type	SystemInit,%function
	.code	16                              @ @SystemInit
	.thumb_func
SystemInit:
.Lfunc_begin0:
	.file	3 "C:\\Users\\ralf\\Documents\\Projekte\\uTerm\\STM32F030F4\\Firmware\\ChibiTerm" "rcc.c"
	.loc	3 30 0                          @ rcc.c:30:0
	.fnstart
	.cfi_sections .debug_frame
	.cfi_startproc
@ %bb.0:
	ldr	r0, __arm_cp.0_0
	movs	r1, #17
.Ltmp0:
	.loc	3 32 13 prologue_end            @ rcc.c:32:13
	str	r1, [r0]
	movs	r0, #1
	lsls	r2, r0, #16
	ldr	r1, __arm_cp.0_1
	.loc	3 37 10                         @ rcc.c:37:10
	ldr	r3, [r1]
	orrs	r3, r2
	str	r3, [r1]
.LBB0_1:                                @ =>This Inner Loop Header: Depth=1
	.loc	3 39 15                         @ rcc.c:39:15
	ldr	r3, [r1]
	.loc	3 39 2 is_stmt 0                @ rcc.c:39:2
	lsls	r3, r3, #14
	bpl	.LBB0_1
@ %bb.2:
	.loc	3 43 12 is_stmt 1               @ rcc.c:43:12
	str	r2, [r1, #4]
	lsls	r2, r0, #24
	.loc	3 44 10                         @ rcc.c:44:10
	ldr	r3, [r1]
	orrs	r3, r2
	str	r3, [r1]
.LBB0_3:                                @ =>This Inner Loop Header: Depth=1
	.loc	3 47 15                         @ rcc.c:47:15
	ldr	r2, [r1]
	.loc	3 47 2 is_stmt 0                @ rcc.c:47:2
	lsls	r2, r2, #6
	bpl	.LBB0_3
@ %bb.4:
	.loc	3 50 12 is_stmt 1               @ rcc.c:50:12
	ldr	r2, [r1, #4]
	movs	r3, #2
	orrs	r3, r2
	str	r3, [r1, #4]
.LBB0_5:                                @ =>This Inner Loop Header: Depth=1
	.loc	3 53 14                         @ rcc.c:53:14
	ldr	r2, [r1, #4]
	movs	r3, #12
	.loc	3 53 19 is_stmt 0               @ rcc.c:53:19
	ands	r3, r2
	.loc	3 53 2                          @ rcc.c:53:2
	cmp	r3, #8
	bne	.LBB0_5
@ %bb.6:
	.loc	3 57 10 is_stmt 1               @ rcc.c:57:10
	ldr	r2, [r1]
	bics	r2, r0
	str	r2, [r1]
	.loc	3 77 1                          @ rcc.c:77:1
	bx	lr
.Ltmp1:
	.p2align	2
@ %bb.7:
	.loc	3 0 1 is_stmt 0                 @ rcc.c:0:1
__arm_cp.0_0:
	.long	1073881088                      @ 0x40022000
.Lcpi_end0:
	.size	__arm_cp.0_0, .Lcpi_end0-__arm_cp.0_0
__arm_cp.0_1:
	.long	1073876992                      @ 0x40021000
.Lcpi_end1:
	.size	__arm_cp.0_1, .Lcpi_end1-__arm_cp.0_1
.Lfunc_end0:
	.size	SystemInit, .Lfunc_end0-SystemInit
	.cfi_endproc
	.cantunwind
	.fnend
                                        @ -- End function
	.section	.debug_abbrev,"",%progbits
	.byte	1                               @ Abbreviation Code
	.byte	17                              @ DW_TAG_compile_unit
	.byte	1                               @ DW_CHILDREN_yes
	.byte	37                              @ DW_AT_producer
	.byte	14                              @ DW_FORM_strp
	.byte	19                              @ DW_AT_language
	.byte	5                               @ DW_FORM_data2
	.byte	3                               @ DW_AT_name
	.byte	14                              @ DW_FORM_strp
	.byte	16                              @ DW_AT_stmt_list
	.byte	23                              @ DW_FORM_sec_offset
	.byte	27                              @ DW_AT_comp_dir
	.byte	14                              @ DW_FORM_strp
	.byte	17                              @ DW_AT_low_pc
	.byte	1                               @ DW_FORM_addr
	.byte	18                              @ DW_AT_high_pc
	.byte	6                               @ DW_FORM_data4
	.byte	0                               @ EOM(1)
	.byte	0                               @ EOM(2)
	.byte	2                               @ Abbreviation Code
	.byte	22                              @ DW_TAG_typedef
	.byte	0                               @ DW_CHILDREN_no
	.byte	73                              @ DW_AT_type
	.byte	19                              @ DW_FORM_ref4
	.byte	3                               @ DW_AT_name
	.byte	14                              @ DW_FORM_strp
	.byte	58                              @ DW_AT_decl_file
	.byte	11                              @ DW_FORM_data1
	.byte	59                              @ DW_AT_decl_line
	.byte	11                              @ DW_FORM_data1
	.byte	0                               @ EOM(1)
	.byte	0                               @ EOM(2)
	.byte	3                               @ Abbreviation Code
	.byte	36                              @ DW_TAG_base_type
	.byte	0                               @ DW_CHILDREN_no
	.byte	3                               @ DW_AT_name
	.byte	14                              @ DW_FORM_strp
	.byte	62                              @ DW_AT_encoding
	.byte	11                              @ DW_FORM_data1
	.byte	11                              @ DW_AT_byte_size
	.byte	11                              @ DW_FORM_data1
	.byte	0                               @ EOM(1)
	.byte	0                               @ EOM(2)
	.byte	4                               @ Abbreviation Code
	.byte	15                              @ DW_TAG_pointer_type
	.byte	0                               @ DW_CHILDREN_no
	.byte	73                              @ DW_AT_type
	.byte	19                              @ DW_FORM_ref4
	.byte	0                               @ EOM(1)
	.byte	0                               @ EOM(2)
	.byte	5                               @ Abbreviation Code
	.byte	22                              @ DW_TAG_typedef
	.byte	0                               @ DW_CHILDREN_no
	.byte	73                              @ DW_AT_type
	.byte	19                              @ DW_FORM_ref4
	.byte	3                               @ DW_AT_name
	.byte	14                              @ DW_FORM_strp
	.byte	58                              @ DW_AT_decl_file
	.byte	11                              @ DW_FORM_data1
	.byte	59                              @ DW_AT_decl_line
	.byte	5                               @ DW_FORM_data2
	.byte	0                               @ EOM(1)
	.byte	0                               @ EOM(2)
	.byte	6                               @ Abbreviation Code
	.byte	19                              @ DW_TAG_structure_type
	.byte	1                               @ DW_CHILDREN_yes
	.byte	11                              @ DW_AT_byte_size
	.byte	11                              @ DW_FORM_data1
	.byte	58                              @ DW_AT_decl_file
	.byte	11                              @ DW_FORM_data1
	.byte	59                              @ DW_AT_decl_line
	.byte	5                               @ DW_FORM_data2
	.byte	0                               @ EOM(1)
	.byte	0                               @ EOM(2)
	.byte	7                               @ Abbreviation Code
	.byte	13                              @ DW_TAG_member
	.byte	0                               @ DW_CHILDREN_no
	.byte	3                               @ DW_AT_name
	.byte	14                              @ DW_FORM_strp
	.byte	73                              @ DW_AT_type
	.byte	19                              @ DW_FORM_ref4
	.byte	58                              @ DW_AT_decl_file
	.byte	11                              @ DW_FORM_data1
	.byte	59                              @ DW_AT_decl_line
	.byte	5                               @ DW_FORM_data2
	.byte	56                              @ DW_AT_data_member_location
	.byte	11                              @ DW_FORM_data1
	.byte	0                               @ EOM(1)
	.byte	0                               @ EOM(2)
	.byte	8                               @ Abbreviation Code
	.byte	53                              @ DW_TAG_volatile_type
	.byte	0                               @ DW_CHILDREN_no
	.byte	73                              @ DW_AT_type
	.byte	19                              @ DW_FORM_ref4
	.byte	0                               @ EOM(1)
	.byte	0                               @ EOM(2)
	.byte	9                               @ Abbreviation Code
	.byte	46                              @ DW_TAG_subprogram
	.byte	0                               @ DW_CHILDREN_no
	.byte	17                              @ DW_AT_low_pc
	.byte	1                               @ DW_FORM_addr
	.byte	18                              @ DW_AT_high_pc
	.byte	6                               @ DW_FORM_data4
	.byte	64                              @ DW_AT_frame_base
	.byte	24                              @ DW_FORM_exprloc
	.ascii	"\227B"                         @ DW_AT_GNU_all_call_sites
	.byte	25                              @ DW_FORM_flag_present
	.byte	3                               @ DW_AT_name
	.byte	14                              @ DW_FORM_strp
	.byte	58                              @ DW_AT_decl_file
	.byte	11                              @ DW_FORM_data1
	.byte	59                              @ DW_AT_decl_line
	.byte	11                              @ DW_FORM_data1
	.byte	39                              @ DW_AT_prototyped
	.byte	25                              @ DW_FORM_flag_present
	.byte	63                              @ DW_AT_external
	.byte	25                              @ DW_FORM_flag_present
	.byte	0                               @ EOM(1)
	.byte	0                               @ EOM(2)
	.byte	0                               @ EOM(3)
	.section	.debug_info,"",%progbits
.Lcu_begin0:
	.long	.Ldebug_info_end0-.Ldebug_info_start0 @ Length of Unit
.Ldebug_info_start0:
	.short	4                               @ DWARF version number
	.long	.debug_abbrev                   @ Offset Into Abbrev. Section
	.byte	4                               @ Address Size (in bytes)
	.byte	1                               @ Abbrev [1] 0xb:0x19d DW_TAG_compile_unit
	.long	.Linfo_string0                  @ DW_AT_producer
	.short	12                              @ DW_AT_language
	.long	.Linfo_string1                  @ DW_AT_name
	.long	.Lline_table_start0             @ DW_AT_stmt_list
	.long	.Linfo_string2                  @ DW_AT_comp_dir
	.long	.Lfunc_begin0                   @ DW_AT_low_pc
	.long	.Lfunc_end0-.Lfunc_begin0       @ DW_AT_high_pc
	.byte	2                               @ Abbrev [2] 0x26:0xb DW_TAG_typedef
	.long	49                              @ DW_AT_type
	.long	.Linfo_string4                  @ DW_AT_name
	.byte	1                               @ DW_AT_decl_file
	.byte	64                              @ DW_AT_decl_line
	.byte	3                               @ Abbrev [3] 0x31:0x7 DW_TAG_base_type
	.long	.Linfo_string3                  @ DW_AT_name
	.byte	7                               @ DW_AT_encoding
	.byte	4                               @ DW_AT_byte_size
	.byte	4                               @ Abbrev [4] 0x38:0x5 DW_TAG_pointer_type
	.long	61                              @ DW_AT_type
	.byte	5                               @ Abbrev [5] 0x3d:0xc DW_TAG_typedef
	.long	73                              @ DW_AT_type
	.long	.Linfo_string14                 @ DW_AT_name
	.byte	2                               @ DW_AT_decl_file
	.short	594                             @ DW_AT_decl_line
	.byte	6                               @ Abbrev [6] 0x49:0x7b DW_TAG_structure_type
	.byte	36                              @ DW_AT_byte_size
	.byte	2                               @ DW_AT_decl_file
	.short	583                             @ DW_AT_decl_line
	.byte	7                               @ Abbrev [7] 0x4e:0xd DW_TAG_member
	.long	.Linfo_string5                  @ DW_AT_name
	.long	196                             @ DW_AT_type
	.byte	2                               @ DW_AT_decl_file
	.short	585                             @ DW_AT_decl_line
	.byte	0                               @ DW_AT_data_member_location
	.byte	7                               @ Abbrev [7] 0x5b:0xd DW_TAG_member
	.long	.Linfo_string6                  @ DW_AT_name
	.long	196                             @ DW_AT_type
	.byte	2                               @ DW_AT_decl_file
	.short	586                             @ DW_AT_decl_line
	.byte	4                               @ DW_AT_data_member_location
	.byte	7                               @ Abbrev [7] 0x68:0xd DW_TAG_member
	.long	.Linfo_string7                  @ DW_AT_name
	.long	196                             @ DW_AT_type
	.byte	2                               @ DW_AT_decl_file
	.short	587                             @ DW_AT_decl_line
	.byte	8                               @ DW_AT_data_member_location
	.byte	7                               @ Abbrev [7] 0x75:0xd DW_TAG_member
	.long	.Linfo_string8                  @ DW_AT_name
	.long	196                             @ DW_AT_type
	.byte	2                               @ DW_AT_decl_file
	.short	588                             @ DW_AT_decl_line
	.byte	12                              @ DW_AT_data_member_location
	.byte	7                               @ Abbrev [7] 0x82:0xd DW_TAG_member
	.long	.Linfo_string9                  @ DW_AT_name
	.long	196                             @ DW_AT_type
	.byte	2                               @ DW_AT_decl_file
	.short	589                             @ DW_AT_decl_line
	.byte	16                              @ DW_AT_data_member_location
	.byte	7                               @ Abbrev [7] 0x8f:0xd DW_TAG_member
	.long	.Linfo_string10                 @ DW_AT_name
	.long	196                             @ DW_AT_type
	.byte	2                               @ DW_AT_decl_file
	.short	590                             @ DW_AT_decl_line
	.byte	20                              @ DW_AT_data_member_location
	.byte	7                               @ Abbrev [7] 0x9c:0xd DW_TAG_member
	.long	.Linfo_string11                 @ DW_AT_name
	.long	196                             @ DW_AT_type
	.byte	2                               @ DW_AT_decl_file
	.short	591                             @ DW_AT_decl_line
	.byte	24                              @ DW_AT_data_member_location
	.byte	7                               @ Abbrev [7] 0xa9:0xd DW_TAG_member
	.long	.Linfo_string12                 @ DW_AT_name
	.long	196                             @ DW_AT_type
	.byte	2                               @ DW_AT_decl_file
	.short	592                             @ DW_AT_decl_line
	.byte	28                              @ DW_AT_data_member_location
	.byte	7                               @ Abbrev [7] 0xb6:0xd DW_TAG_member
	.long	.Linfo_string13                 @ DW_AT_name
	.long	196                             @ DW_AT_type
	.byte	2                               @ DW_AT_decl_file
	.short	593                             @ DW_AT_decl_line
	.byte	32                              @ DW_AT_data_member_location
	.byte	0                               @ End Of Children Mark
	.byte	8                               @ Abbrev [8] 0xc4:0x5 DW_TAG_volatile_type
	.long	38                              @ DW_AT_type
	.byte	4                               @ Abbrev [4] 0xc9:0x5 DW_TAG_pointer_type
	.long	206                             @ DW_AT_type
	.byte	5                               @ Abbrev [5] 0xce:0xc DW_TAG_typedef
	.long	218                             @ DW_AT_type
	.long	.Linfo_string28                 @ DW_AT_name
	.byte	2                               @ DW_AT_decl_file
	.short	709                             @ DW_AT_decl_line
	.byte	6                               @ Abbrev [6] 0xda:0xbc DW_TAG_structure_type
	.byte	56                              @ DW_AT_byte_size
	.byte	2                               @ DW_AT_decl_file
	.short	693                             @ DW_AT_decl_line
	.byte	7                               @ Abbrev [7] 0xdf:0xd DW_TAG_member
	.long	.Linfo_string9                  @ DW_AT_name
	.long	196                             @ DW_AT_type
	.byte	2                               @ DW_AT_decl_file
	.short	695                             @ DW_AT_decl_line
	.byte	0                               @ DW_AT_data_member_location
	.byte	7                               @ Abbrev [7] 0xec:0xd DW_TAG_member
	.long	.Linfo_string15                 @ DW_AT_name
	.long	196                             @ DW_AT_type
	.byte	2                               @ DW_AT_decl_file
	.short	696                             @ DW_AT_decl_line
	.byte	4                               @ DW_AT_data_member_location
	.byte	7                               @ Abbrev [7] 0xf9:0xd DW_TAG_member
	.long	.Linfo_string16                 @ DW_AT_name
	.long	196                             @ DW_AT_type
	.byte	2                               @ DW_AT_decl_file
	.short	697                             @ DW_AT_decl_line
	.byte	8                               @ DW_AT_data_member_location
	.byte	7                               @ Abbrev [7] 0x106:0xd DW_TAG_member
	.long	.Linfo_string17                 @ DW_AT_name
	.long	196                             @ DW_AT_type
	.byte	2                               @ DW_AT_decl_file
	.short	698                             @ DW_AT_decl_line
	.byte	12                              @ DW_AT_data_member_location
	.byte	7                               @ Abbrev [7] 0x113:0xd DW_TAG_member
	.long	.Linfo_string18                 @ DW_AT_name
	.long	196                             @ DW_AT_type
	.byte	2                               @ DW_AT_decl_file
	.short	699                             @ DW_AT_decl_line
	.byte	16                              @ DW_AT_data_member_location
	.byte	7                               @ Abbrev [7] 0x120:0xd DW_TAG_member
	.long	.Linfo_string19                 @ DW_AT_name
	.long	196                             @ DW_AT_type
	.byte	2                               @ DW_AT_decl_file
	.short	700                             @ DW_AT_decl_line
	.byte	20                              @ DW_AT_data_member_location
	.byte	7                               @ Abbrev [7] 0x12d:0xd DW_TAG_member
	.long	.Linfo_string20                 @ DW_AT_name
	.long	196                             @ DW_AT_type
	.byte	2                               @ DW_AT_decl_file
	.short	701                             @ DW_AT_decl_line
	.byte	24                              @ DW_AT_data_member_location
	.byte	7                               @ Abbrev [7] 0x13a:0xd DW_TAG_member
	.long	.Linfo_string21                 @ DW_AT_name
	.long	196                             @ DW_AT_type
	.byte	2                               @ DW_AT_decl_file
	.short	702                             @ DW_AT_decl_line
	.byte	28                              @ DW_AT_data_member_location
	.byte	7                               @ Abbrev [7] 0x147:0xd DW_TAG_member
	.long	.Linfo_string22                 @ DW_AT_name
	.long	196                             @ DW_AT_type
	.byte	2                               @ DW_AT_decl_file
	.short	703                             @ DW_AT_decl_line
	.byte	32                              @ DW_AT_data_member_location
	.byte	7                               @ Abbrev [7] 0x154:0xd DW_TAG_member
	.long	.Linfo_string23                 @ DW_AT_name
	.long	196                             @ DW_AT_type
	.byte	2                               @ DW_AT_decl_file
	.short	704                             @ DW_AT_decl_line
	.byte	36                              @ DW_AT_data_member_location
	.byte	7                               @ Abbrev [7] 0x161:0xd DW_TAG_member
	.long	.Linfo_string24                 @ DW_AT_name
	.long	196                             @ DW_AT_type
	.byte	2                               @ DW_AT_decl_file
	.short	705                             @ DW_AT_decl_line
	.byte	40                              @ DW_AT_data_member_location
	.byte	7                               @ Abbrev [7] 0x16e:0xd DW_TAG_member
	.long	.Linfo_string25                 @ DW_AT_name
	.long	196                             @ DW_AT_type
	.byte	2                               @ DW_AT_decl_file
	.short	706                             @ DW_AT_decl_line
	.byte	44                              @ DW_AT_data_member_location
	.byte	7                               @ Abbrev [7] 0x17b:0xd DW_TAG_member
	.long	.Linfo_string26                 @ DW_AT_name
	.long	196                             @ DW_AT_type
	.byte	2                               @ DW_AT_decl_file
	.short	707                             @ DW_AT_decl_line
	.byte	48                              @ DW_AT_data_member_location
	.byte	7                               @ Abbrev [7] 0x188:0xd DW_TAG_member
	.long	.Linfo_string27                 @ DW_AT_name
	.long	196                             @ DW_AT_type
	.byte	2                               @ DW_AT_decl_file
	.short	708                             @ DW_AT_decl_line
	.byte	52                              @ DW_AT_data_member_location
	.byte	0                               @ End Of Children Mark
	.byte	9                               @ Abbrev [9] 0x196:0x11 DW_TAG_subprogram
	.long	.Lfunc_begin0                   @ DW_AT_low_pc
	.long	.Lfunc_end0-.Lfunc_begin0       @ DW_AT_high_pc
	.byte	1                               @ DW_AT_frame_base
	.byte	93
                                        @ DW_AT_GNU_all_call_sites
	.long	.Linfo_string29                 @ DW_AT_name
	.byte	3                               @ DW_AT_decl_file
	.byte	29                              @ DW_AT_decl_line
                                        @ DW_AT_prototyped
                                        @ DW_AT_external
	.byte	0                               @ End Of Children Mark
.Ldebug_info_end0:
	.section	.debug_str,"MS",%progbits,1
.Linfo_string0:
	.asciz	"Component: Arm Compiler for Embedded 6.21 Tool: armclang [5ec1fd00]" @ string offset=0
.Linfo_string1:
	.asciz	"rcc.c"                         @ string offset=68
.Linfo_string2:
	.asciz	"C:\\Users\\ralf\\Documents\\Projekte\\uTerm\\STM32F030F4\\Firmware\\ChibiTerm" @ string offset=74
.Linfo_string3:
	.asciz	"unsigned int"                  @ string offset=144
.Linfo_string4:
	.asciz	"uint32_t"                      @ string offset=157
.Linfo_string5:
	.asciz	"ACR"                           @ string offset=166
.Linfo_string6:
	.asciz	"KEYR"                          @ string offset=170
.Linfo_string7:
	.asciz	"OPTKEYR"                       @ string offset=175
.Linfo_string8:
	.asciz	"SR"                            @ string offset=183
.Linfo_string9:
	.asciz	"CR"                            @ string offset=186
.Linfo_string10:
	.asciz	"AR"                            @ string offset=189
.Linfo_string11:
	.asciz	"RESERVED"                      @ string offset=192
.Linfo_string12:
	.asciz	"OBR"                           @ string offset=201
.Linfo_string13:
	.asciz	"WRPR"                          @ string offset=205
.Linfo_string14:
	.asciz	"FLASH_TypeDef"                 @ string offset=210
.Linfo_string15:
	.asciz	"CFGR"                          @ string offset=224
.Linfo_string16:
	.asciz	"CIR"                           @ string offset=229
.Linfo_string17:
	.asciz	"APB2RSTR"                      @ string offset=233
.Linfo_string18:
	.asciz	"APB1RSTR"                      @ string offset=242
.Linfo_string19:
	.asciz	"AHBENR"                        @ string offset=251
.Linfo_string20:
	.asciz	"APB2ENR"                       @ string offset=258
.Linfo_string21:
	.asciz	"APB1ENR"                       @ string offset=266
.Linfo_string22:
	.asciz	"BDCR"                          @ string offset=274
.Linfo_string23:
	.asciz	"CSR"                           @ string offset=279
.Linfo_string24:
	.asciz	"AHBRSTR"                       @ string offset=283
.Linfo_string25:
	.asciz	"CFGR2"                         @ string offset=291
.Linfo_string26:
	.asciz	"CFGR3"                         @ string offset=297
.Linfo_string27:
	.asciz	"CR2"                           @ string offset=303
.Linfo_string28:
	.asciz	"RCC_TypeDef"                   @ string offset=307
.Linfo_string29:
	.asciz	"SystemInit"                    @ string offset=319
	.ident	"Component: Arm Compiler for Embedded 6.21 Tool: armclang [5ec1fd00]"
	.section	".note.GNU-stack","",%progbits
	.eabi_attribute	30, 4	@ Tag_ABI_optimization_goals
	.ARM_attribute	16, 1	@ Tag_AV_eba
	.section	.debug_line,"",%progbits
.Lline_table_start0:
