<html>
<body>
<pre>
<h1>µVision Build Log</h1>
<h2>Tool Versions:</h2>
IDE-Version: µVision V5.39.0.0
Copyright (C) 2023 ARM Ltd and ARM Germany GmbH. All rights reserved.
License Information: Ralf Uhlig
Private
User-based license: Keil MDK Community (non-commercial free of charge)
Valid until: Jun 1 2033. Cached until: May 18 2024
 
Tool Versions:
Toolchain:       Keil MDK Community (non-commercial free of charge  Version: 5.39.0.0
Toolchain Path:  C:\Users\ralf\Program Files\Keil_v5\ARM\ARMCLANG\Bin
C Compiler:      ArmClang.exe V6.21
Assembler:       Armasm.exe V6.21
Linker/Locator:  ArmLink.exe V6.21
Library Manager: ArmAr.exe V6.21
Hex Converter:   FromElf.exe V6.21
CPU DLL:         SARMCM3.DLL V5.39.0.0
Dialog DLL:      DARMCM1.DLL V1.19.6.0
Target DLL:      Segger\JL2CM3.dll V2.99.43.0
Dialog DLL:      TARMCM1.DLL V1.14.6.0
 
<h2>Project:</h2>
C:\Users\ralf\Documents\Projekte\uTerm\STM32F030F4\Firmware\ChibiTerm\STM32F030F4 VGA.uvproj
Project File Date:  05/11/2024

<h2>Output:</h2>
*** Using Compiler 'V6.21', folder: 'C:\Users\ralf\Program Files\Keil_v5\ARM\ARMCLANG\Bin'
Build target 'VGA'
creating preprocessor file for serial.c...
creating preprocessor file for ps2.c...
creating preprocessor file for fifo.c...
creating preprocessor file for term.c...
creating preprocessor file for vga-min.c...
creating preprocessor file for rcc.c...
creating preprocessor file for ansi.c...
creating preprocessor file for vgafont.c...
linking...
Program Size: Code=6696 RO-data=5056 RW-data=184 ZI-data=3152  
FromELF: creating hex file...
".\Objects\VGA.axf" - 0 Error(s), 0 Warning(s).
Build Time Elapsed:  00:00:01
</pre>
</body>
</html>
